

DATA-FILE  wagenNIT.OUT


Name of run= wagen


Station= wage , Soil=  1, Crop=  1, Organic m.=  1, Nsoil=  1, Irr.=  0, Pot.p.=  0, CO2=355.

 Simulation starts on day 130, 1971
 test                                                                            

 SOIL NITROGEN STATUS
 ====================
 DAY    ANL1 ANL2  ANL3  ANL4  ANL5  ANL6  ANL7  ANL8  NTOT    NDF    NUPTR TNUPT
 MINOM MINFM NBIOM NIMMO NFM   NLEACH NSAM1 NSAM2 NSAM3 NRAIN  NGIFT
  130   1.0   9.0  10.0  10.0  10.0   5.0   5.0   5.0  65.00    .00    .00    .00
    .0    .0    .0    .0  40.0    .0  30.0  20.0  15.0    .0    .0
  131   1.0   9.2  10.2  10.2  10.2   5.0   5.0   5.0  65.83    .00    .00    .00
    .7    .2    .8    .0  39.1    .0  30.6  20.2  15.0    .0    .0
  140    .2   2.9   5.7   9.9  11.9   7.4   5.9   5.3  60.56   1.50   1.67  12.66
   7.8   1.5   7.6    .0  30.8   1.9  18.6  25.2  16.7    .8    .0
  150    .2   1.8   2.6   4.0   8.3   7.3   5.9   5.3  46.80   1.96   2.46  33.91
  13.9   2.5  12.4    .0  25.1   1.9   8.6  21.5  16.7   1.2    .0
  160    .2   1.1   1.4   1.8   3.1   2.6   5.9   5.3  32.77   1.13   1.43  54.78
  20.0   3.3  16.3    .0  20.5   1.9   4.5  11.5  16.7   1.2    .0
  170    .1    .8   1.3   1.7   1.7    .7   5.9   5.3  29.03    .72    .85  64.85
  24.7   3.7  18.7    .0  17.5   1.9   4.0   8.4  16.7   2.4    .0
  180    .2   1.0   1.5   1.7   1.9    .4   5.9   5.3  29.08    .72    .78  73.10
  31.6   4.3  21.7    .0  13.9   1.9   4.2   8.2  16.7   3.2    .0
  190    .2   1.1   1.5   1.6   1.6    .1   5.9   5.3  28.77    .69    .93  81.64
  39.3   4.9  24.4    .0  10.8   1.9   4.4   7.6  16.7   3.2    .0
  200    .2    .8   1.1   1.1   1.1    .0   5.9   5.3  26.97    .49    .56  89.12
  44.6   5.2  25.8    .0   9.0   1.9   3.2   7.1  16.7   3.2    .0
  210    .2   1.5   1.2   1.0   1.0    .0   5.9   5.3  27.44    .54    .62  94.98
  50.1   5.4  27.1    .0   7.5   1.9   3.9   6.9  16.7   3.8    .0
  220    .3   1.8   2.1   1.1   1.1    .0   5.9   5.3  28.92    .00    .07 100.22
  56.1   5.6  28.2    .0   6.1   1.9   5.2   7.0  16.7   4.3    .0
  230    .5   3.4   3.7   1.9   1.9    .0   5.9   5.3  33.91    .00    .04 100.74
  61.3   5.8  29.0    .0   5.2   1.9   9.4   7.8  16.7   4.5    .0
