

DATA-FILE  WAGIXNIT.OUT


Name of run= WAGIX


Station= WAGE , Soil=  1, Crop=  2, Organic m.=  1, Nsoil=  1, Irr.=  1, Pot.p.=  1, CO2=355.

 Simulation starts on day 105, 1971
 Wageningen, irr.+ pot. pr., 10 cm soil w., mid var.,RUE=3.0                     

 SOIL NITROGEN STATUS
 ====================
 DAY    ANL1 ANL2  ANL3  ANL4  ANL5  ANL6  ANL7  ANL8  NTOT    NDF    NUPTR TNUPT
 MINOM MINFM NBIOM NIMMO NFM   NLEACH NSAM1 NSAM2 NSAM3 NRAIN  NGIFT
  105   1.0   9.0  10.0  10.0  10.0   5.0   5.0   5.0  65.00   0.00   0.00   0.00
   0.0   0.0   0.0   0.0  40.0   0.0  30.0  20.0  15.0   0.0   0.0
  135   0.9  12.6  14.5  14.7  14.7   5.1   5.0   5.0  82.59   0.00   0.00   0.00
  14.4   2.5  12.7   0.0  24.8   0.0  42.7  24.8  15.0   0.7   0.0
  138   0.3   8.9  15.6  15.7  15.5   7.7   5.6   5.1  85.16   0.00   0.00   0.00
  16.9   2.9  14.3   0.0  22.8   1.0  40.5  28.8  15.9   1.4   0.0
  165   0.3  58.7 172.2  98.1  17.2   6.9   5.6   5.1 374.78   1.76   7.00 130.83
  35.0   4.6  22.9   0.0  12.5   1.0 329.2  29.7  15.9   2.0 400.0
  195   0.1   1.9  10.6  32.6  56.2  24.3  29.2  14.7 186.97   2.46   6.33 340.16
  57.5   5.7  28.4   0.0   5.9   4.8  45.2 109.8  32.0   3.7 400.0
  225   0.4   3.3   7.8  18.1  43.0  43.5  29.2  14.7 177.24   0.00   0.00 377.50
  83.4   6.3  31.3   0.0   2.5   4.8  29.5 115.8  32.0   4.9 400.0
  255   0.6   4.6  10.0  19.7  42.9  58.2  29.2  14.7 197.21   0.00   0.00 381.33
 106.2   6.5  32.4   0.0   1.1   4.8  34.8 130.4  32.0   5.7 400.0
  263   0.7   5.0  10.9  20.6  43.8  58.2  29.2  14.7 200.44   0.00   0.00 381.33
 109.3   6.5  32.5   0.0   1.0   4.8  37.2 131.2  32.0   5.7 400.0


DATA-FILE  WAGIXNIT.OUT


Name of run= WAGWW


Station= WAGE , Soil=  1, Crop=  2, Organic m.=  1, Nsoil=  1, Irr.=  0, Pot.p.=  1, CO2=355.

 Simulation starts on day 105, 1971
 Wageningen, not-irr.+ pot. pr., 10 cm soil w., mid var.,RUE=3.0                 

 SOIL NITROGEN STATUS
 ====================
 DAY    ANL1 ANL2  ANL3  ANL4  ANL5  ANL6  ANL7  ANL8  NTOT    NDF    NUPTR TNUPT
 MINOM MINFM NBIOM NIMMO NFM   NLEACH NSAM1 NSAM2 NSAM3 NRAIN  NGIFT
  105   1.0   9.0  10.0  10.0  10.0   5.0   5.0   5.0  65.00   0.00   0.00   0.00
   0.0   0.0   0.0   0.0  40.0   0.0  30.0  20.0  15.0   0.0   0.0
  135   0.9  12.6  14.5  14.7  14.7   5.1   5.0   5.0  82.59   0.00   0.00   0.00
  14.4   2.5  12.7   0.0  24.8   0.0  42.7  24.8  15.0   0.7   0.0
  138   0.3   8.9  15.6  15.7  15.5   7.7   5.6   5.1  85.16   0.00   0.00   0.00
  16.9   2.9  14.3   0.0  22.8   1.0  40.5  28.8  15.9   1.4   0.0
  165   3.9 120.0 126.5  77.1  17.7   7.1   5.6   5.1 373.74   0.00   7.00 129.98
  33.3   4.4  22.2   0.0  13.3   1.0 327.5  30.3  15.9   2.0 400.0
  195   0.6   8.0  39.2  68.2  54.7  12.4   7.0   5.3 206.42   0.00   1.56 320.03
  53.4   5.5  27.7   0.0   6.8   1.2 116.0  74.2  16.3   3.7 400.0
  225   0.4   7.8  47.6  65.7  53.4  11.8   7.0   5.3 209.98   0.00   0.00 334.08
  69.4   6.0  30.1   0.0   3.9   1.2 121.6  72.2  16.3   4.9 400.0
  255   0.6   7.3  41.2  87.6  55.5  11.8   7.0   5.3 227.14   0.00   0.00 334.88
  86.3   6.3  31.4   0.0   2.3   1.2 136.6  74.3  16.3   5.7 400.0
  263   0.7   7.7  42.1  88.1  55.9  11.8   7.0   5.3 229.55   0.00   0.00 334.88
  88.6   6.3  31.6   0.0   2.1   1.2 138.7  74.6  16.3   5.7 400.0


DATA-FILE  WAGIXNIT.OUT


Name of run= WAGWW


Station= WAGE , Soil=  1, Crop=  2, Organic m.=  1, Nsoil=  1, Irr.=  0, Pot.p.=  1, CO2=355.

 Simulation starts on day 105, 1972
 Wageningen, not-irr.+ pot. pr., 10 cm soil w., mid var.,RUE=3.0                 

 SOIL NITROGEN STATUS
 ====================
 DAY    ANL1 ANL2  ANL3  ANL4  ANL5  ANL6  ANL7  ANL8  NTOT    NDF    NUPTR TNUPT
 MINOM MINFM NBIOM NIMMO NFM   NLEACH NSAM1 NSAM2 NSAM3 NRAIN  NGIFT
  105   1.0   9.0  10.0  10.0  10.0   5.0   5.0   5.0  65.00   0.00   0.00   0.00
   0.0   0.0   0.0   0.0  40.0   0.0  30.0  20.0  15.0   0.0   0.0
  135   0.2   5.5  11.9  13.2  13.7   8.8   6.6   5.6  77.73   0.00   0.00   0.00
  12.3   2.2  11.2   0.0  26.6   3.5  30.8  29.1  17.9   1.7   0.0
  145   0.4   5.0  11.7  14.1  15.0  10.2   7.5   6.0  82.89   0.00   0.00   0.00
  17.6   2.9  14.7   0.0  22.3   4.7  31.2  32.7  19.1   2.1   0.0
  165   0.5  86.9 185.8  96.6  17.8  10.2   7.5   6.0 424.26   0.00   6.83  73.62
  30.0   4.2  21.0   0.0  14.8   4.7 369.7  35.4  19.1   3.4 400.0
  195   0.3   7.7  43.1  75.3  56.9  23.2  11.0   6.7 237.63   1.49   7.00 283.40
  50.9   5.4  27.2   0.0   7.3   5.4 126.4  91.0  20.2   5.1 400.0
  225   0.4   3.6  15.0  39.2  65.2  48.2  11.0   6.7 202.65   0.00   0.33 344.80
  74.7   6.1  30.6   0.0   3.3   5.4  58.2 124.3  20.2   7.0 400.0
  255   0.4   5.1  17.0  37.7  69.4  44.7  11.0   6.7 205.34   0.00   0.00 362.40
  93.9   6.4  31.9   0.0   1.7   5.4  60.1 125.1  20.2   7.9 400.0
  275   0.5   4.7  14.8  39.6  79.5  44.3  11.0   6.7 214.50   0.00   0.00 363.29
 103.3   6.5  32.3   0.0   1.3   5.4  59.5 134.8  20.2   8.4 400.0


DATA-FILE  WAGIXNIT.OUT


Name of run= WAGWW


Station= WAGE , Soil=  1, Crop=  2, Organic m.=  1, Nsoil=  1, Irr.=  0, Pot.p.=  1, CO2=355.

 Simulation starts on day 105, 1973
 Wageningen, not-irr.+ pot. pr., 10 cm soil w., mid var.,RUE=3.0                 

 SOIL NITROGEN STATUS
 ====================
 DAY    ANL1 ANL2  ANL3  ANL4  ANL5  ANL6  ANL7  ANL8  NTOT    NDF    NUPTR TNUPT
 MINOM MINFM NBIOM NIMMO NFM   NLEACH NSAM1 NSAM2 NSAM3 NRAIN  NGIFT
  105   1.0   9.0  10.0  10.0  10.0   5.0   5.0   5.0  65.00   0.00   0.00   0.00
   0.0   0.0   0.0   0.0  40.0   0.0  30.0  20.0  15.0   0.0   0.0
  135   0.5  10.5  14.4  13.9  13.8   6.2   5.2   5.0  79.97   0.00   0.00   0.00
  12.2   2.2  11.2   0.0  26.6   0.6  39.3  25.1  15.5   1.1   0.0
  145   0.7  11.4  16.0  15.8  15.7   6.2   5.2   5.0  86.46   0.00   0.00   0.00
  17.8   3.0  14.9   0.0  22.2   0.6  43.9  27.0  15.5   1.3   0.0
  165   5.1 145.0 154.6  91.3  18.9   6.2   5.2   5.0 441.74   0.00   6.47  57.93
  29.2   4.1  20.6   0.0  15.3   0.6 396.0  30.2  15.5   1.9 400.0
  195   1.6 109.2 115.8  59.0  14.7   3.7   5.2   5.0 324.74   0.00   0.00 190.93
  43.8   5.1  25.5   0.0   9.4   0.6 285.6  23.6  15.5   2.4 400.0
  225   0.5  29.7 155.1 104.5  17.0   3.7   5.2   5.0 331.10   0.00   0.55 203.13
  60.3   5.8  28.9   0.0   5.3   0.6 289.8  25.8  15.5   3.7 400.0
  255   0.6  29.7 163.6 107.0  19.3   3.6   5.2   5.0 344.61   0.00   0.00 204.56
  74.4   6.1  30.5   0.0   3.4   0.6 300.9  28.2  15.5   4.3 400.0
  256   0.6  29.7 163.7 107.0  19.4   3.6   5.2   5.0 344.85   0.00   0.00 204.56
  74.7   6.1  30.5   0.0   3.4   0.6 301.1  28.2  15.5   4.3 400.0


DATA-FILE  WAGIXNIT.OUT


Name of run= Bolow


Station= BOLO , Soil=  1, Crop=  2, Organic m.=  1, Nsoil=  1, Irr.=  0, Pot.p.=  1, CO2=355.

 Simulation starts on day 105, 1971
 Bologna, not-irr.+ pot. pr., 10 cm soil w., mid var.,RUE=3.0                    

 SOIL NITROGEN STATUS
 ====================
 DAY    ANL1 ANL2  ANL3  ANL4  ANL5  ANL6  ANL7  ANL8  NTOT    NDF    NUPTR TNUPT
 MINOM MINFM NBIOM NIMMO NFM   NLEACH NSAM1 NSAM2 NSAM3 NRAIN  NGIFT
  105   1.0   9.0  10.0  10.0  10.0   5.0   5.0   5.0  65.00   0.00   0.00   0.00
   0.0   0.0   0.0   0.0  40.0   0.0  30.0  20.0  15.0   0.0   0.0
  128   0.5  14.0  15.1  15.3  15.3   5.0   5.0   5.0  85.13   0.00   0.00   0.00
  16.7   2.8  14.2   0.0  23.0   0.0  44.8  25.3  15.0   0.6   0.0
  135  32.6 133.6 171.4  97.0  17.2   5.0   5.0   5.0 476.88   0.00   3.41  14.75
  22.5   3.5  17.5   0.0  19.0   0.0 434.7  27.2  15.0   0.6 400.0
  165  10.5  98.7 107.1  52.1  12.0   2.6   5.0   5.0 302.95   0.05   3.24 207.62
  39.8   4.9  24.3   0.0  10.8   0.0 268.4  19.6  15.0   0.9 400.0
  195   7.9 104.0 110.0  55.0  15.4   2.5   5.0   5.0 314.71   0.00   0.00 209.77
  53.0   5.5  27.5   0.0   7.0   0.0 276.8  22.9  15.0   1.0 400.0
  215   2.8 112.9 112.3  57.4  17.7   2.5   5.0   5.0 325.59   0.00   0.00 209.77
  63.1   5.8  29.2   0.0   4.9   0.0 285.3  25.3  15.0   1.4 400.0


DATA-FILE  WAGIXNIT.OUT


Name of run= Bolow


Station= BOLO , Soil=  1, Crop=  2, Organic m.=  1, Nsoil=  1, Irr.=  0, Pot.p.=  1, CO2=355.

 Simulation starts on day 105, 1972
 Bologna, not-irr.+ pot. pr., 10 cm soil w., mid var.,RUE=3.0                    

 SOIL NITROGEN STATUS
 ====================
 DAY    ANL1 ANL2  ANL3  ANL4  ANL5  ANL6  ANL7  ANL8  NTOT    NDF    NUPTR TNUPT
 MINOM MINFM NBIOM NIMMO NFM   NLEACH NSAM1 NSAM2 NSAM3 NRAIN  NGIFT
  105   1.0   9.0  10.0  10.0  10.0   5.0   5.0   5.0  65.00   0.00   0.00   0.00
   0.0   0.0   0.0   0.0  40.0   0.0  30.0  20.0  15.0   0.0   0.0
  133   0.6   3.8   8.2  10.8  12.6   9.2   8.3   7.3  76.95   0.00   0.00   0.00
  17.4   2.9  14.7   0.0  22.4  10.5  23.4  30.1  23.4   2.2   0.0
  135  32.6 129.9 168.4  91.2  13.0   9.2   8.3   7.3 476.12   0.00   1.32   2.25
  18.7   3.1  15.4   0.0  21.5  10.5 422.1  30.6  23.4   2.2 400.0
  165   2.5  71.8 108.6  73.3  28.0  10.9  10.1   8.0 330.16   1.77   7.00 169.53
  38.8   4.8  24.1   0.0  11.1  12.1 256.1  49.0  25.0   3.2 400.0
  195   1.2  72.2  99.4  67.0  27.0   8.7  10.1   8.0 310.50   0.00   0.00 203.77
  52.3   5.5  27.4   0.0   7.1  12.1 239.8  45.8  25.0   3.6 400.0
  220   0.4  20.4  94.4 140.2  29.7   8.7  10.1   8.0 328.98   0.00   0.00 204.16
  69.1   6.0  30.0   0.0   4.0  12.1 255.5  48.5  25.0   5.1 400.0


DATA-FILE  WAGIXNIT.OUT


Name of run= Bolow


Station= BOLO , Soil=  1, Crop=  2, Organic m.=  1, Nsoil=  1, Irr.=  0, Pot.p.=  1, CO2=355.

 Simulation starts on day 105, 1973
 Bologna, not-irr.+ pot. pr., 10 cm soil w., mid var.,RUE=3.0                    

 SOIL NITROGEN STATUS
 ====================
 DAY    ANL1 ANL2  ANL3  ANL4  ANL5  ANL6  ANL7  ANL8  NTOT    NDF    NUPTR TNUPT
 MINOM MINFM NBIOM NIMMO NFM   NLEACH NSAM1 NSAM2 NSAM3 NRAIN  NGIFT
  105   1.0   9.0  10.0  10.0  10.0   5.0   5.0   5.0  65.00   0.00   0.00   0.00
   0.0   0.0   0.0   0.0  40.0   0.0  30.0  20.0  15.0   0.0   0.0
  131   0.8   9.6  14.9  15.2  15.2   6.4   5.3   5.1  83.28   0.00   0.00   0.00
  15.9   2.7  13.6   0.0  23.6   0.9  40.5  27.0  15.8   0.6   0.0
  135  32.8 134.7 173.6  96.1  16.1   6.4   5.3   5.1 480.87   0.00   1.42   5.33
  18.5   3.0  15.2   0.0  21.7   0.9 437.2  27.9  15.8   0.6 400.0
  165   0.5  43.1 122.2 121.8  37.9   4.5   5.3   5.1 351.15   0.00   7.00 161.10
  41.2   4.9  24.6   0.0  10.5   0.9 287.6  47.7  15.8   2.1 400.0
  195   0.9  36.1  97.6  95.4  34.3   3.7   5.3   5.1 289.13   0.00   0.00 245.45
  62.0   5.8  29.1   0.0   5.1   0.9 230.0  43.3  15.8   2.6 400.0
  223   0.8  27.7 117.1  98.6  37.5   3.7   5.3   5.1 306.54   0.00   0.00 245.45
  78.3   6.2  30.9   0.0   2.9   0.9 244.3  46.5  15.8   3.5 400.0
