

DATA-FILE  WAGIXCRP.OUT


Name of run: WAGIX


Station=  WAGE , Soil=  1, Crop=  2, Organic m.=  1, Nsoil=  1, Tub.gr.=  1, Leafcl.=  1, Irr.=  1, Pot.p.=  1, CO2=355.

 Planting on day 105, 1971
 Crop emergence on day   0, 1971
 Wageningen, irr.+ pot. pr., 10 cm soil w., mid var.,RUE=3.0                     

 CROP PRODUCTION
 ===============
 DAY    WLV    WLD    WST   WSTOT   WRT    WTU    TB-R    TB    LAI   DVS   RD   NPLV  NPLD  NPSTOT NPTU NUP-R NUPTT  RED  REDN    PARINT    PAR
  105     0.     0.     0.     0.     0.     0.     0.     0.  0.00  0.00   0.0  0.00  0.00  0.00  0.00   0.0   0.0  1.00  1.00     0.0     0.0
  135     0.     0.     0.     0.     0.     0.     0.     0.  0.00  0.00   0.0  0.00  0.00  0.00  0.00   0.0   0.0  1.00  1.00     0.0   263.9
  137    42.     0.    18.    18.    15.    30.    90.   105.  0.13  0.00  10.0  6.00  0.00  3.60  0.00   3.2   3.7  1.00  1.00     0.0   276.7
  165  1864.    37.  1782.  1782.   972.   178.  3861.  4833.  5.59  1.05  50.0  4.27  1.60  2.08  1.45 119.9 141.5  1.00  1.00   141.7   518.5
  195  1676.   350.  3572.  3572.  1759.  5326. 10924. 12683.  5.03  1.33  50.0  5.63  1.60  2.93  1.68 294.3 346.4  1.00  1.00   389.1   787.2
  225  1460.   466.  3760.  3870.  1667. 11075. 16871. 18587.  4.38  1.66  50.0  4.81  2.14  2.36  1.52 340.1 381.2  1.00  1.00   588.8  1000.6
  255   115.  1139.  2236.  3167.   956. 16427. 20848. 22209.  0.35  1.96  50.0  4.64  5.40  2.15  1.33 353.9 385.0  1.00  1.00   742.2  1209.8
  263    69.  1162.  1902.  3000.   814. 16743. 20975. 22264.  0.21  2.01  50.0  4.64  5.48  2.27  1.31 353.9 385.0  1.00  1.00   753.6  1260.9


DATA-FILE  WAGIXCRP.OUT


Name of run: WAGWW


Station=  WAGE , Soil=  1, Crop=  2, Organic m.=  1, Nsoil=  1, Tub.gr.=  1, Leafcl.=  1, Irr.=  0, Pot.p.=  1, CO2=355.

 Planting on day 105, 1971
 Crop emergence on day   0, 1971
 Wageningen, not-irr.+ pot. pr., 10 cm soil w., mid var.,RUE=3.0                 

 CROP PRODUCTION
 ===============
 DAY    WLV    WLD    WST   WSTOT   WRT    WTU    TB-R    TB    LAI   DVS   RD   NPLV  NPLD  NPSTOT NPTU NUP-R NUPTT  RED  REDN    PARINT    PAR
  105     0.     0.     0.     0.     0.     0.     0.     0.  0.00  0.00   0.0  0.00  0.00  0.00  0.00   0.0   0.0  1.00  1.00     0.0     0.0
  135     0.     0.     0.     0.     0.     0.     0.     0.  0.00  0.00   0.0  0.00  0.00  0.00  0.00   0.0   0.0  1.00  1.00     0.0   263.9
  137    42.     0.    18.    18.    15.    30.    90.   105.  0.13  0.00  10.0  6.00  0.00  3.60  0.00   3.2   3.7  1.00  1.00     0.0   276.7
  165  1649.    48.  1567.  1571.   859.   163.  3432.  4294.  4.95  1.05  50.0  4.75  1.60  2.38  1.49 118.9 140.7  0.99  1.00   140.6   518.5
  195  1636.   285.  3265.  3307.  1589.  5021. 10248. 11859.  4.91  1.33  50.0  5.63  1.60  2.93  1.69 278.1 325.6  0.80  1.00   387.9   787.2
  225  1105.   553.  2363.  2944.  1088.  9380. 13982. 15344.  3.32  1.66  50.0  4.75  4.69  2.66  1.53 300.1 337.8  0.47  1.00   586.5  1000.6
  255   104.  1054.  1365.  2468.   614. 12693. 16319. 17444.  0.31  1.96  50.0  4.39  6.23  2.70  1.33 306.1 338.6  0.57  1.00   737.0  1209.8
  263    54.  1079.  1161.  2366.   523. 12905. 16403. 17483.  0.16  2.01  50.0  4.39  6.29  2.81  1.31 306.1 338.6  0.57  1.00   746.7  1260.9


DATA-FILE  WAGIXCRP.OUT


Name of run: WAGWW


Station=  WAGE , Soil=  1, Crop=  2, Organic m.=  1, Nsoil=  1, Tub.gr.=  1, Leafcl.=  1, Irr.=  0, Pot.p.=  1, CO2=355.

 Planting on day 105, 1972
 Crop emergence on day   0, 1972
 Wageningen, not-irr.+ pot. pr., 10 cm soil w., mid var.,RUE=3.0                 

 CROP PRODUCTION
 ===============
 DAY    WLV    WLD    WST   WSTOT   WRT    WTU    TB-R    TB    LAI   DVS   RD   NPLV  NPLD  NPSTOT NPTU NUP-R NUPTT  RED  REDN    PARINT    PAR
  105     0.     0.     0.     0.     0.     0.     0.     0.  0.00  0.00   0.0  0.00  0.00  0.00  0.00   0.0   0.0  1.00  1.00     0.0     0.0
  135     0.     0.     0.     0.     0.     0.     0.     0.  0.00  0.00   0.0  0.00  0.00  0.00  0.00   0.0   0.0  1.00  1.00     0.0   201.5
  144    42.     0.    18.    18.    15.    30.    90.   105.  0.13  0.00  10.0  6.00  0.00  3.60  0.00   3.2   3.7  1.00  1.00     0.0   280.6
  165  1083.     0.   843.   843.   503.    30.  1956.  2460.  3.25  0.90  41.1  4.65  1.60  2.47  0.00  71.2  84.2  1.00  1.00    72.1   443.6
  195  1753.   288.  3131.  3131.  1591.  3091.  8263.  9854.  5.26  1.25  50.0  5.73  1.60  2.88  1.69 247.5 294.1  1.00  1.00   283.5   673.7
  225  1498.   444.  3759.  3785.  1653.  8604. 14331. 15996.  4.49  1.59  50.0  4.99  2.09  2.43  1.55 309.5 350.2  1.00  1.00   508.6   913.4
  255   397.   997.  2505.  3271.  1029. 15294. 19959. 21312.  1.19  1.86  50.0  4.67  4.67  1.89  1.39 339.2 366.1  1.00  1.00   701.6  1122.3
  275   110.  1116.  1677.  2860.   687. 16606. 20691. 21873.  0.33  1.98  50.0  6.07  5.10  2.05  1.32 341.5 367.0  0.90  1.00   745.5  1226.4


DATA-FILE  WAGIXCRP.OUT


Name of run: WAGWW


Station=  WAGE , Soil=  1, Crop=  2, Organic m.=  1, Nsoil=  1, Tub.gr.=  1, Leafcl.=  1, Irr.=  0, Pot.p.=  1, CO2=355.

 Planting on day 105, 1973
 Crop emergence on day   0, 1973
 Wageningen, not-irr.+ pot. pr., 10 cm soil w., mid var.,RUE=3.0                 

 CROP PRODUCTION
 ===============
 DAY    WLV    WLD    WST   WSTOT   WRT    WTU    TB-R    TB    LAI   DVS   RD   NPLV  NPLD  NPSTOT NPTU NUP-R NUPTT  RED  REDN    PARINT    PAR
  105     0.     0.     0.     0.     0.     0.     0.     0.  0.00  0.00   0.0  0.00  0.00  0.00  0.00   0.0   0.0  1.00  1.00     0.0     0.0
  135     0.     0.     0.     0.     0.     0.     0.     0.  0.00  0.00   0.0  0.00  0.00  0.00  0.00   0.0   0.0  1.00  1.00     0.0   210.3
  144    42.     0.    18.    18.    15.    30.    90.   105.  0.13  0.00  10.0  6.00  0.00  3.60  0.00   3.2   3.7  1.00  1.00     0.0   297.9
  165   774.    12.   632.   632.   370.    30.  1448.  1818.  2.32  0.93  44.4  5.14  1.60  2.79  0.00  57.6  68.3  0.94  1.00    65.6   489.9
  195  1074.   261.  1510.  1808.   748.  2704.  5847.  6746.  3.22  1.33  50.0  5.72  3.84  2.85  1.70 169.0 195.0  0.38  1.00   366.8   820.3
  225   681.   460.  1104.  1699.   472.  6160.  9000.  9762.  2.04  1.66  50.0  4.86  4.70  2.37  1.52 188.5 207.1  0.52  1.00   553.3  1040.3
  255    28.   787.   645.  1490.   264.  8124. 10429. 11087.  0.08  1.99  50.0  5.17  6.00  2.31  1.34 192.1 208.3  0.42  1.00   688.0  1254.6
  256    22.   790.   632.  1483.   259.  8137. 10432. 11087.  0.07  1.99  50.0  5.17  6.02  2.32  1.34 192.1 208.3  0.42  1.00   688.6  1260.1


DATA-FILE  WAGIXCRP.OUT


Name of run: Bolow


Station=  BOLO , Soil=  1, Crop=  2, Organic m.=  1, Nsoil=  1, Tub.gr.=  1, Leafcl.=  1, Irr.=  0, Pot.p.=  1, CO2=355.

 Planting on day 105, 1971
 Crop emergence on day   0, 1971
 Bologna, not-irr.+ pot. pr., 10 cm soil w., mid var.,RUE=3.0                    

 CROP PRODUCTION
 ===============
 DAY    WLV    WLD    WST   WSTOT   WRT    WTU    TB-R    TB    LAI   DVS   RD   NPLV  NPLD  NPSTOT NPTU NUP-R NUPTT  RED  REDN    PARINT    PAR
  105     0.     0.     0.     0.     0.     0.     0.     0.  0.00  0.00   0.0  0.00  0.00  0.00  0.00   0.0   0.0  1.00  1.00     0.0     0.0
  127    42.     0.    18.    18.    15.    30.    90.   105.  0.13  0.00  10.0  6.00  0.00  3.60  0.00   3.2   3.7  1.00  1.00     0.0   207.9
  135   261.     3.   141.   141.   106.    30.   436.   541.  0.60  0.34  26.0  5.54  1.60  3.15  0.00  19.0  22.4  0.91  1.00    23.1   314.4
  165  1560.   279.  1651.  1825.   924.  1211.  4876.  5897.  4.68  1.17  50.0  6.10  2.28  3.13  1.71 179.4 211.3  0.26  1.00   321.8   673.7
  195   678.   722.   745.  1399.   422.  3072.  5871.  6663.  2.04  1.62  50.0  5.32  7.18  3.51  1.57 185.2 213.5  0.01  1.00   685.2  1085.7
  215     9.  1056.   441.  1252.   245.  3876.  6194.  6898.  0.03  1.95  50.0  4.62  8.10  3.79  1.36 186.1 213.5  0.17  1.00   825.2  1331.6


DATA-FILE  WAGIXCRP.OUT


Name of run: Bolow


Station=  BOLO , Soil=  1, Crop=  2, Organic m.=  1, Nsoil=  1, Tub.gr.=  1, Leafcl.=  1, Irr.=  0, Pot.p.=  1, CO2=355.

 Planting on day 105, 1972
 Crop emergence on day   0, 1972
 Bologna, not-irr.+ pot. pr., 10 cm soil w., mid var.,RUE=3.0                    

 CROP PRODUCTION
 ===============
 DAY    WLV    WLD    WST   WSTOT   WRT    WTU    TB-R    TB    LAI   DVS   RD   NPLV  NPLD  NPSTOT NPTU NUP-R NUPTT  RED  REDN    PARINT    PAR
  105     0.     0.     0.     0.     0.     0.     0.     0.  0.00  0.00   0.0  0.00  0.00  0.00  0.00   0.0   0.0  1.00  1.00     0.0     0.0
  132    42.     0.    18.    18.    15.    30.    90.   105.  0.13  0.00  10.0  6.00  0.00  3.60  0.00   3.2   3.7  1.00  1.00     0.0   213.2
  135    89.     1.    41.    41.    34.    30.   160.   194.  0.20  0.14  15.6  5.73  1.60  3.32  0.00   6.5   7.6  0.83  1.00     3.7   241.5
  165  1702.   149.  1700.  1783.   925.   569.  4202.  5173.  5.11  1.12  50.0  5.47  1.60  2.71  1.62 153.0 180.2  0.54  1.00   244.8   579.3
  195   798.   612.   881.  1462.   478.  2782.  5654.  6450.  2.39  1.56  50.0  5.26  7.46  3.33  1.58 180.4 207.5  0.24  1.00   562.3   927.7
  220    24.  1000.   541.  1322.   269.  4345.  6692.  7383.  0.07  1.94  50.0  4.84  8.03  3.27  1.36 183.6 207.9  0.57  1.00   721.6  1199.9


DATA-FILE  WAGIXCRP.OUT


Name of run: Bolow


Station=  BOLO , Soil=  1, Crop=  2, Organic m.=  1, Nsoil=  1, Tub.gr.=  1, Leafcl.=  1, Irr.=  0, Pot.p.=  1, CO2=355.

 Planting on day 105, 1973
 Crop emergence on day   0, 1973
 Bologna, not-irr.+ pot. pr., 10 cm soil w., mid var.,RUE=3.0                    

 CROP PRODUCTION
 ===============
 DAY    WLV    WLD    WST   WSTOT   WRT    WTU    TB-R    TB    LAI   DVS   RD   NPLV  NPLD  NPSTOT NPTU NUP-R NUPTT  RED  REDN    PARINT    PAR
  105     0.     0.     0.     0.     0.     0.     0.     0.  0.00  0.00   0.0  0.00  0.00  0.00  0.00   0.0   0.0  1.00  1.00     0.0     0.0
  130    42.     0.    18.    18.    15.    30.    90.   105.  0.13  0.00  10.0  6.00  0.00  3.60  0.00   3.2   3.7  1.00  1.00     0.0   224.1
  135    98.     4.    48.    48.    39.    30.   181.   220.  0.25  0.23  19.2  6.58  1.60  3.80  0.00   8.4   9.9  0.41  1.00     8.8   281.4
  165  1751.   117.  1960.  1974.   973.   358.  4200.  5181.  5.25  1.12  50.0  5.01  1.60  2.52  1.64 145.2 171.8  0.99  1.00   228.3   591.6
  195  1234.   543.  1851.  2413.   738.  3422.  7611.  8589.  3.70  1.59  50.0  5.08  6.12  2.87  1.56 218.5 249.2  0.21  1.00   577.7   962.9
  223   111.  1108.  1019.  2038.   383.  5727.  8984.  9783.  0.33  2.03  50.0  3.78  7.47  2.99  1.29 222.0 249.2  0.26  1.00   831.6  1304.4
