

DATA-FILE  WAGIINIT.OUT


Name of run= WAGII


Station= WAGE , Soil=  1, Crop=  2, Organic m.=  1, Nsoil=  1, Irr.=  1, Pot.p.=  1, CO2=355.

 Simulation starts on day 105, 1970
 Wageningen, irr.+ pot. pr., 10 cm soil w., mid var.,RUE=3.0                     

 SOIL NITROGEN STATUS
 ====================
 DAY    ANL1 ANL2  ANL3  ANL4  ANL5  ANL6  ANL7  ANL8  NTOT    NDF    NUPTR TNUPT
 MINOM MINFM NBIOM NIMMO NFM   NLEACH NSAM1 NSAM2 NSAM3 NRAIN  NGIFT
  105   1.0   9.0  10.0  10.0  10.0   5.0   5.0   5.0  65.00    .00    .00    .00
    .0    .0    .0    .0  40.0    .0  30.0  20.0  15.0    .0    .0
  135    .6   9.3  14.7  14.9  14.9   7.0   5.5   5.1  82.86    .00    .00    .00
  15.5   2.7  13.4    .0  23.9   1.2  39.5  27.4  16.0    .9    .0
  138    .7   9.6  15.2  15.5  15.5   7.0   5.5   5.1  85.00    .00    .00    .00
  17.3   2.9  14.6    .0  22.5   1.2  41.0  27.9  16.0    .9    .0
  165    .3  41.4 152.3 139.7  22.4   6.7   5.5   5.1 384.26    .00   7.00 120.69
  35.2   4.6  23.0    .0  12.4   1.2 333.7  34.6  16.0   1.4 400.0
  195    .3   2.8  13.7  42.8  56.5  39.0  21.8   9.9 200.18    .45   7.00 330.69
  60.1   5.8  28.9    .0   5.4   2.6  59.5 117.3  23.4   2.6 400.0
  225    .3   2.6   6.4  13.3  29.5  33.0  35.7  23.5 172.73    .00    .92 379.27
  84.7   6.3  31.4    .0   2.3   8.7  22.5  98.2  52.0   4.7 400.0
  255    .3   3.5   9.2  17.9  38.9  29.3  35.7  23.5 186.76    .00    .00 388.75
 107.4   6.5  32.4    .0   1.1   8.7  30.9 103.9  52.0   5.3 400.0
  262    .3   2.0   5.1   9.7  20.0  34.3  36.3  30.3 183.42    .00    .00 388.75
 112.5   6.5  32.6    .0    .9  18.3  17.1  90.6  75.7   6.5 400.0


DATA-FILE  WAGIINIT.OUT


Name of run= WAGII


Station= WAGE , Soil=  1, Crop=  2, Organic m.=  1, Nsoil=  1, Irr.=  1, Pot.p.=  1, CO2=355.

 Simulation starts on day 105, 1971
 Wageningen, irr.+ pot. pr., 10 cm soil w., mid var.,RUE=3.0                     

 SOIL NITROGEN STATUS
 ====================
 DAY    ANL1 ANL2  ANL3  ANL4  ANL5  ANL6  ANL7  ANL8  NTOT    NDF    NUPTR TNUPT
 MINOM MINFM NBIOM NIMMO NFM   NLEACH NSAM1 NSAM2 NSAM3 NRAIN  NGIFT
  105   1.0   9.0  10.0  10.0  10.0   5.0   5.0   5.0  65.00    .00    .00    .00
    .0    .0    .0    .0  40.0    .0  30.0  20.0  15.0    .0    .0
  135    .9  12.6  14.5  14.7  14.7   5.1   5.0   5.0  82.59    .00    .00    .00
  14.4   2.5  12.7    .0  24.8    .0  42.7  24.8  15.0    .7    .0
  138    .3   8.9  15.6  15.7  15.5   7.7   5.6   5.1  85.16    .00    .00    .00
  16.9   2.9  14.3    .0  22.8   1.0  40.5  28.8  15.9   1.4    .0
  165    .3  58.7 172.2  98.1  17.2   6.9   5.6   5.1 374.78   1.76   7.00 130.83
  35.0   4.6  22.9    .0  12.5   1.0 329.2  29.7  15.9   2.0 400.0
  195    .1   1.9  10.6  32.6  56.2  24.3  29.2  14.7 186.97   2.46   6.33 340.16
  57.5   5.7  28.4    .0   5.9   4.8  45.2 109.8  32.0   3.7 400.0
  225    .4   3.3   7.8  18.1  43.0  43.5  29.2  14.7 177.24    .00    .00 377.50
  83.4   6.3  31.3    .0   2.5   4.8  29.5 115.8  32.0   4.9 400.0
  255    .6   4.6  10.0  19.7  42.9  58.2  29.2  14.7 197.21    .00    .00 381.33
 106.2   6.5  32.4    .0   1.1   4.8  34.8 130.4  32.0   5.7 400.0
  263    .7   5.0  10.9  20.6  43.8  58.2  29.2  14.7 200.44    .00    .00 381.33
 109.3   6.5  32.5    .0   1.0   4.8  37.2 131.2  32.0   5.7 400.0


DATA-FILE  WAGIINIT.OUT


Name of run= WAGII


Station= WAGE , Soil=  1, Crop=  2, Organic m.=  1, Nsoil=  1, Irr.=  1, Pot.p.=  1, CO2=355.

 Simulation starts on day 105, 1972
 Wageningen, irr.+ pot. pr., 10 cm soil w., mid var.,RUE=3.0                     

 SOIL NITROGEN STATUS
 ====================
 DAY    ANL1 ANL2  ANL3  ANL4  ANL5  ANL6  ANL7  ANL8  NTOT    NDF    NUPTR TNUPT
 MINOM MINFM NBIOM NIMMO NFM   NLEACH NSAM1 NSAM2 NSAM3 NRAIN  NGIFT
  105   1.0   9.0  10.0  10.0  10.0   5.0   5.0   5.0  65.00    .00    .00    .00
    .0    .0    .0    .0  40.0    .0  30.0  20.0  15.0    .0    .0
  135    .2   5.5  11.9  13.2  13.7   8.8   6.6   5.6  77.73    .00    .00    .00
  12.3   2.2  11.2    .0  26.6   3.5  30.8  29.1  17.9   1.7    .0
  145    .4   5.0  11.7  14.1  15.0  10.2   7.5   6.0  82.89    .00    .00    .00
  17.6   2.9  14.7    .0  22.3   4.7  31.2  32.7  19.1   2.1    .0
  165    .4  62.9 162.6 112.5  39.6  15.8   9.1   6.7 423.25    .00   6.83  73.62
  30.1   4.2  21.1    .0  14.7   5.9 338.4  64.4  20.4   3.4 400.0
  195    .3   5.4  29.9  59.7  58.6  33.3  21.0  10.6 235.04   1.92   7.00 283.40
  51.1   5.5  27.3    .0   7.3   8.2  95.4 112.9  26.8   5.1 400.0
  225    .4   2.8   7.1  17.1  35.7  40.0  33.7  23.2 192.51    .00    .28 345.92
  77.9   6.2  30.9    .0   2.9  17.7  27.3 109.4  55.8   7.0 400.0
  255    .2   3.0   8.8  18.9  42.2  34.1  33.7  23.2 196.74    .00    .29 362.98
  98.1   6.4  32.1    .0   1.5  17.7  31.0 109.9  55.8   7.9 400.0
  275    .5   3.6   8.7  16.6  35.8  52.5  33.7  23.2 207.28    .00    .00 362.98
 108.0   6.5  32.4    .0   1.1  17.7  29.4 122.1  55.8   8.4 400.0


DATA-FILE  WAGIINIT.OUT


Name of run= WAGWW


Station= WAGE , Soil=  1, Crop=  2, Organic m.=  1, Nsoil=  1, Irr.=  0, Pot.p.=  1, CO2=355.

 Simulation starts on day 105, 1970
 Wageningen, not-irr.+ pot. pr., 10 cm soil w., mid var.,RUE=3.0                 

 SOIL NITROGEN STATUS
 ====================
 DAY    ANL1 ANL2  ANL3  ANL4  ANL5  ANL6  ANL7  ANL8  NTOT    NDF    NUPTR TNUPT
 MINOM MINFM NBIOM NIMMO NFM   NLEACH NSAM1 NSAM2 NSAM3 NRAIN  NGIFT
  105   1.0   9.0  10.0  10.0  10.0   5.0   5.0   5.0  65.00    .00    .00    .00
    .0    .0    .0    .0  40.0    .0  30.0  20.0  15.0    .0    .0
  135    .6   9.3  14.7  14.9  14.9   7.0   5.5   5.1  82.86    .00    .00    .00
  15.5   2.7  13.4    .0  23.9   1.2  39.5  27.4  16.0    .9    .0
  138    .7   9.6  15.2  15.5  15.5   7.0   5.5   5.1  85.00    .00    .00    .00
  17.3   2.9  14.6    .0  22.5   1.2  41.0  27.9  16.0    .9    .0
  165  16.4 146.8 127.7  75.1  17.2   6.6   5.5   5.1 411.28    .10   6.88  89.58
  31.4   4.3  21.3    .0  14.4   1.2 366.0  29.2  16.0   1.4 400.0
  195    .6  60.0 150.9  84.0  12.8   3.6   5.5   5.1 333.37    .00   1.75 184.87
  46.6   5.2  26.1    .0   8.6   1.2 295.4  21.9  16.0   2.6 400.0
  225    .4   8.1  49.9 105.4  96.5  22.4   5.5   5.1 304.05    .00   1.17 240.78
  70.3   6.0  30.1    .0   3.9   1.2 163.7 124.3  16.0   4.7 400.0
  255    .6  12.1  54.4 104.8  95.3  22.1   5.5   5.1 310.78    .00    .00 251.57
  86.9   6.3  31.5    .0   2.2   1.2 171.9 122.9  16.0   5.3 400.0
  262    .3   4.3  27.6  88.2 151.6  23.1   5.5   5.1 316.62    .00    .00 251.57
  91.5   6.4  31.8    .0   1.9   1.2 120.4 180.2  16.0   6.5 400.0


DATA-FILE  WAGIINIT.OUT


Name of run= WAGWW


Station= WAGE , Soil=  1, Crop=  2, Organic m.=  1, Nsoil=  1, Irr.=  0, Pot.p.=  1, CO2=355.

 Simulation starts on day 105, 1971
 Wageningen, not-irr.+ pot. pr., 10 cm soil w., mid var.,RUE=3.0                 

 SOIL NITROGEN STATUS
 ====================
 DAY    ANL1 ANL2  ANL3  ANL4  ANL5  ANL6  ANL7  ANL8  NTOT    NDF    NUPTR TNUPT
 MINOM MINFM NBIOM NIMMO NFM   NLEACH NSAM1 NSAM2 NSAM3 NRAIN  NGIFT
  105   1.0   9.0  10.0  10.0  10.0   5.0   5.0   5.0  65.00    .00    .00    .00
    .0    .0    .0    .0  40.0    .0  30.0  20.0  15.0    .0    .0
  135    .9  12.6  14.5  14.7  14.7   5.1   5.0   5.0  82.59    .00    .00    .00
  14.4   2.5  12.7    .0  24.8    .0  42.7  24.8  15.0    .7    .0
  138    .3   8.9  15.6  15.7  15.5   7.7   5.6   5.1  85.16    .00    .00    .00
  16.9   2.9  14.3    .0  22.8   1.0  40.5  28.8  15.9   1.4    .0
  165   3.9 120.0 126.5  77.1  17.7   7.1   5.6   5.1 373.74    .00   7.00 129.98
  33.3   4.4  22.2    .0  13.3   1.0 327.5  30.3  15.9   2.0 400.0
  195    .6   8.0  39.2  68.2  54.7  12.4   7.0   5.3 206.42    .00   1.56 320.03
  53.4   5.5  27.7    .0   6.8   1.2 116.0  74.2  16.3   3.7 400.0
  225    .4   7.8  47.6  65.7  53.4  11.8   7.0   5.3 209.98    .00    .00 334.08
  69.4   6.0  30.1    .0   3.9   1.2 121.6  72.2  16.3   4.9 400.0
  255    .6   7.3  41.2  87.6  55.5  11.8   7.0   5.3 227.14    .00    .00 334.88
  86.3   6.3  31.4    .0   2.3   1.2 136.6  74.3  16.3   5.7 400.0
  263    .7   7.7  42.1  88.1  55.9  11.8   7.0   5.3 229.55    .00    .00 334.88
  88.6   6.3  31.6    .0   2.1   1.2 138.7  74.6  16.3   5.7 400.0


DATA-FILE  WAGIINIT.OUT


Name of run= WAGWW


Station= WAGE , Soil=  1, Crop=  2, Organic m.=  1, Nsoil=  1, Irr.=  0, Pot.p.=  1, CO2=355.

 Simulation starts on day 105, 1972
 Wageningen, not-irr.+ pot. pr., 10 cm soil w., mid var.,RUE=3.0                 

 SOIL NITROGEN STATUS
 ====================
 DAY    ANL1 ANL2  ANL3  ANL4  ANL5  ANL6  ANL7  ANL8  NTOT    NDF    NUPTR TNUPT
 MINOM MINFM NBIOM NIMMO NFM   NLEACH NSAM1 NSAM2 NSAM3 NRAIN  NGIFT
  105   1.0   9.0  10.0  10.0  10.0   5.0   5.0   5.0  65.00    .00    .00    .00
    .0    .0    .0    .0  40.0    .0  30.0  20.0  15.0    .0    .0
  135    .2   5.5  11.9  13.2  13.7   8.8   6.6   5.6  77.73    .00    .00    .00
  12.3   2.2  11.2    .0  26.6   3.5  30.8  29.1  17.9   1.7    .0
  145    .4   5.0  11.7  14.1  15.0  10.2   7.5   6.0  82.89    .00    .00    .00
  17.6   2.9  14.7    .0  22.3   4.7  31.2  32.7  19.1   2.1    .0
  165    .5  86.9 185.8  96.6  17.8  10.2   7.5   6.0 424.26    .00   6.83  73.62
  30.0   4.2  21.0    .0  14.8   4.7 369.7  35.4  19.1   3.4 400.0
  195    .3   7.7  43.1  75.3  56.9  23.2  11.0   6.7 237.63   1.49   7.00 283.40
  50.9   5.4  27.2    .0   7.3   5.4 126.4  91.0  20.2   5.1 400.0
  225    .4   3.6  15.0  39.2  65.2  48.2  11.0   6.7 202.65    .00    .33 344.80
  74.7   6.1  30.6    .0   3.3   5.4  58.2 124.3  20.2   7.0 400.0
  255    .4   5.1  17.0  37.7  69.4  44.7  11.0   6.7 205.34    .00    .00 362.40
  93.9   6.4  31.9    .0   1.7   5.4  60.1 125.1  20.2   7.9 400.0
  275    .5   4.7  14.8  39.6  79.5  44.3  11.0   6.7 214.50    .00    .00 363.29
 103.3   6.5  32.3    .0   1.3   5.4  59.5 134.8  20.2   8.4 400.0
