

DATA-FILE  WAGIIWAT.OUT


Name of run: WAGII


Station= WAGE , Soil=  1, Crop=  2, Organic m.=  1, Nsoil=  1, Irr.=  1, Runof= .00, CO2=355.

 Simulation starts on day 105, 1970
 Wageningen, irr.+ pot. pr., 10 cm soil w., mid var.,RUE=3.0                     

 SOIL WATER STATUS
 =================
   DAY   WCACT1  WCACT2  WCACT3  WCACT4  WCACT5  WCACT6   WCACT7  WCACT8  WCACT9  WCACT10  TTRANS TDRAIN  TRAIN   TESOIL   TIRR  TRUNOF     WTOT    WAVT    WAVR
   105     .30     .30     .30     .30     .30     .30     .30     .30     .30     .30     .00     .00     .00     .00     .00     .00     30.00   20.00     .00
   135     .08     .18     .28     .30     .30     .30     .30     .30     .30     .30     .00    1.25    4.30    4.66     .00     .00     28.39   18.39     .00
   138     .13     .15     .27     .30     .30     .30     .30     .30     .30     .30     .00    1.25    4.67    5.25     .00     .00     28.17   18.17     .00
   165     .25     .26     .26     .26     .21     .27     .30     .30     .30     .30    6.37    1.25    6.76    9.56    8.00     .00     27.58   17.58    7.55
   195     .29     .29     .26     .26     .22     .20     .30     .30     .30     .30   18.53    2.46   13.01    9.68   15.00     .00     27.34   17.34    7.34
   225     .28     .29     .29     .29     .29     .20     .30     .30     .30     .30   27.31    5.55   23.26    9.92   18.00     .00     28.48   18.48    8.48
   255     .27     .28     .29     .30     .28     .11     .30     .30     .30     .30   33.99    5.55   26.46   11.32   22.00     .00     27.60   17.60    7.60
   262     .20     .27     .29     .30     .30     .30     .30     .30     .30     .30   34.22    8.29   32.32   12.39   22.00     .00     29.42   19.42    9.42


DATA-FILE  WAGIIWAT.OUT


Name of run: WAGII


Station= WAGE , Soil=  1, Crop=  2, Organic m.=  1, Nsoil=  1, Irr.=  1, Runof= .00, CO2=355.

 Simulation starts on day 105, 1971
 Wageningen, irr.+ pot. pr., 10 cm soil w., mid var.,RUE=3.0                     

 SOIL WATER STATUS
 =================
   DAY   WCACT1  WCACT2  WCACT3  WCACT4  WCACT5  WCACT6   WCACT7  WCACT8  WCACT9  WCACT10  TTRANS TDRAIN  TRAIN   TESOIL   TIRR  TRUNOF     WTOT    WAVT    WAVR
   105     .30     .30     .30     .30     .30     .30     .30     .30     .30     .30     .00     .00     .00     .00     .00     .00     30.00   20.00     .00
   135     .26     .13     .26     .30     .30     .30     .30     .30     .30     .30     .00     .05    3.32    5.19     .00     .00     28.09   18.09     .00
   138     .25     .28     .30     .30     .30     .30     .30     .30     .30     .30     .00    1.03    6.89    6.11     .00     .00     29.75   19.75     .00
   165     .30     .30     .30     .22     .22     .26     .30     .30     .30     .30    5.33    1.03    9.88    9.58    4.00     .00     27.94   17.94    7.94
   195     .28     .28     .28     .28     .28     .15     .30     .30     .30     .30   15.95    4.12   18.69    9.75    9.00     .00     27.86   17.86    7.86
   225     .29     .30     .28     .26     .25     .19     .30     .30     .30     .30   25.53    4.12   24.40   10.03   13.00     .00     27.72   17.72    7.72
   255     .09     .18     .25     .26     .24     .19     .30     .30     .30     .30   31.72    4.12   28.42   11.55   15.00     .00     26.03   16.03    6.03
   263     .09     .14     .24     .26     .23     .19     .30     .30     .30     .30   32.05    4.12   28.55   11.97   15.00     .00     25.41   15.41    5.41


DATA-FILE  WAGIIWAT.OUT


Name of run: WAGII


Station= WAGE , Soil=  1, Crop=  2, Organic m.=  1, Nsoil=  1, Irr.=  1, Runof= .00, CO2=355.

 Simulation starts on day 105, 1972
 Wageningen, irr.+ pot. pr., 10 cm soil w., mid var.,RUE=3.0                     

 SOIL WATER STATUS
 =================
   DAY   WCACT1  WCACT2  WCACT3  WCACT4  WCACT5  WCACT6   WCACT7  WCACT8  WCACT9  WCACT10  TTRANS TDRAIN  TRAIN   TESOIL   TIRR  TRUNOF     WTOT    WAVT    WAVR
   105     .30     .30     .30     .30     .30     .30     .30     .30     .30     .30     .00     .00     .00     .00     .00     .00     30.00   20.00     .00
   135     .27     .29     .30     .30     .30     .30     .30     .30     .30     .30     .00    3.24    8.47    5.35     .00     .00     29.87   19.87     .00
   145     .10     .18     .29     .30     .30     .30     .30     .30     .30     .30     .00    4.28   10.57    7.79     .00     .00     28.51   18.51     .00
   165     .29     .29     .29     .27     .28     .30     .30     .30     .30     .30    1.96    5.15   17.23   11.65     .92     .00     29.39   19.39    7.05
   195     .27     .28     .28     .28     .25     .24     .30     .30     .30     .30   10.64    6.69   25.45   11.89    1.92     .00     28.15   18.15    8.15
   225     .29     .28     .28     .28     .28     .25     .30     .30     .30     .30   19.99   10.24   35.07   12.14    5.92     .00     28.63   18.63    8.63
   255     .29     .30     .30     .30     .28     .13     .30     .30     .30     .30   26.53   10.24   39.42   12.55    7.92     .00     28.03   18.03    8.03
   275     .16     .23     .28     .29     .29     .27     .30     .30     .30     .30   27.50   10.24   42.13   13.92    7.92     .00     28.39   18.39    8.39


DATA-FILE  WAGIIWAT.OUT


Name of run: WAGWW


Station= WAGE , Soil=  1, Crop=  2, Organic m.=  1, Nsoil=  1, Irr.=  0, Runof= .00, CO2=355.

 Simulation starts on day 105, 1970
 Wageningen, not-irr.+ pot. pr., 10 cm soil w., mid var.,RUE=3.0                 

 SOIL WATER STATUS
 =================
   DAY   WCACT1  WCACT2  WCACT3  WCACT4  WCACT5  WCACT6   WCACT7  WCACT8  WCACT9  WCACT10  TTRANS TDRAIN  TRAIN   TESOIL   TIRR  TRUNOF     WTOT    WAVT    WAVR
   105     .30     .30     .30     .30     .30     .30     .30     .30     .30     .30     .00     .00     .00     .00     .00     .00     30.00   20.00     .00
   135     .08     .18     .28     .30     .30     .30     .30     .30     .30     .30     .00    1.25    4.30    4.66     .00     .00     28.39   18.39     .00
   138     .13     .15     .27     .30     .30     .30     .30     .30     .30     .30     .00    1.25    4.67    5.25     .00     .00     28.17   18.17     .00
   165     .15     .09     .13     .19     .23     .28     .30     .30     .30     .30    3.32    1.25    6.76    7.93     .00     .00     24.25   14.25    4.23
   195     .28     .26     .24     .14     .11     .12     .30     .30     .30     .30    9.28    1.25   13.01    8.77     .00     .00     23.71   13.71    3.71
   225     .27     .28     .29     .25     .20     .11     .30     .30     .30     .30   15.97    1.25   23.26    9.75     .00     .00     26.29   16.29    6.29
   255     .26     .22     .20     .15     .12     .10     .30     .30     .30     .30   19.98    1.25   26.46   12.35     .00     .00     22.88   12.88    2.88
   262     .20     .27     .29     .30     .30     .10     .30     .30     .30     .30   20.12    1.25   32.32   13.50     .00     .00     27.46   17.46    7.46


DATA-FILE  WAGIIWAT.OUT


Name of run: WAGWW


Station= WAGE , Soil=  1, Crop=  2, Organic m.=  1, Nsoil=  1, Irr.=  0, Runof= .00, CO2=355.

 Simulation starts on day 105, 1971
 Wageningen, not-irr.+ pot. pr., 10 cm soil w., mid var.,RUE=3.0                 

 SOIL WATER STATUS
 =================
   DAY   WCACT1  WCACT2  WCACT3  WCACT4  WCACT5  WCACT6   WCACT7  WCACT8  WCACT9  WCACT10  TTRANS TDRAIN  TRAIN   TESOIL   TIRR  TRUNOF     WTOT    WAVT    WAVR
   105     .30     .30     .30     .30     .30     .30     .30     .30     .30     .30     .00     .00     .00     .00     .00     .00     30.00   20.00     .00
   135     .26     .13     .26     .30     .30     .30     .30     .30     .30     .30     .00     .05    3.32    5.19     .00     .00     28.09   18.09     .00
   138     .25     .28     .30     .30     .30     .30     .30     .30     .30     .30     .00    1.03    6.89    6.11     .00     .00     29.75   19.75     .00
   165     .29     .17     .14     .18     .22     .26     .30     .30     .30     .30    4.70    1.03    9.88    9.05     .00     .00     25.09   15.09    5.09
   195     .15     .17     .17     .18     .17     .14     .30     .30     .30     .30   14.82    1.30   18.69    9.26     .00     .00     23.30   13.30    3.30
   225     .29     .30     .25     .11     .11     .10     .30     .30     .30     .30   19.81    1.30   24.40    9.65     .00     .00     23.63   13.63    3.63
   255     .09     .18     .25     .16     .10     .10     .30     .30     .30     .30   22.97    1.30   28.42   11.40     .00     .00     22.74   12.74    2.74
   263     .09     .14     .24     .16     .10     .10     .30     .30     .30     .30   23.14    1.30   28.55   11.82     .00     .00     22.28   12.28    2.28


DATA-FILE  WAGIIWAT.OUT


Name of run: WAGWW


Station= WAGE , Soil=  1, Crop=  2, Organic m.=  1, Nsoil=  1, Irr.=  0, Runof= .00, CO2=355.

 Simulation starts on day 105, 1972
 Wageningen, not-irr.+ pot. pr., 10 cm soil w., mid var.,RUE=3.0                 

 SOIL WATER STATUS
 =================
   DAY   WCACT1  WCACT2  WCACT3  WCACT4  WCACT5  WCACT6   WCACT7  WCACT8  WCACT9  WCACT10  TTRANS TDRAIN  TRAIN   TESOIL   TIRR  TRUNOF     WTOT    WAVT    WAVR
   105     .30     .30     .30     .30     .30     .30     .30     .30     .30     .30     .00     .00     .00     .00     .00     .00     30.00   20.00     .00
   135     .27     .29     .30     .30     .30     .30     .30     .30     .30     .30     .00    3.24    8.47    5.35     .00     .00     29.87   19.87     .00
   145     .10     .18     .29     .30     .30     .30     .30     .30     .30     .30     .00    4.28   10.57    7.79     .00     .00     28.51   18.51     .00
   165     .29     .29     .29     .27     .28     .30     .30     .30     .30     .30    1.96    4.28   17.23   11.63     .00     .00     29.36   19.36    7.03
   195     .27     .28     .28     .28     .25     .24     .30     .30     .30     .30   10.64    4.79   25.45   11.87     .00     .00     28.15   18.15    8.15
   225     .29     .28     .28     .28     .28     .23     .30     .30     .30     .30   19.77    4.79   35.07   12.12     .00     .00     28.40   18.40    8.40
   255     .29     .30     .27     .20     .20     .12     .30     .30     .30     .30   26.14    4.79   39.42   12.53     .00     .00     25.96   15.96    5.96
   275     .16     .23     .28     .29     .25     .10     .30     .30     .30     .30   27.08    4.79   42.13   13.92     .00     .00     26.35   16.35    6.35
