

DATA-FILE  WAGIICRP.OUT


Name of run: WAGII


Station=  WAGE , Soil=  1, Crop=  2, Organic m.=  1, Nsoil=  1, Tub.gr.=  1, Leafcl.=  1, Irr.=  1, Pot.p.=  1, CO2=355.

 Planting on day 105, 1970
 Crop emergence on day   0, 1970
 Wageningen, irr.+ pot. pr., 10 cm soil w., mid var.,RUE=3.0                     

 CROP PRODUCTION
 ===============
 DAY    WLV    WLD    WST   WSTOT   WRT    WTU    TB-R    TB    LAI   DVS   RD   NPLV  NPLD  NPSTOT NPTU NUP-R NUPTT  RED  REDN    PARINT    PAR
  105     0.     0.     0.     0.     0.     0.     0.     0.   .00   .00    .0   .00   .00   .00   .00    .0    .0  1.00  1.00      .0      .0
  135     0.     0.     0.     0.     0.     0.     0.     0.   .00   .00    .0   .00   .00   .00   .00    .0    .0  1.00  1.00      .0   209.9
  137    42.     0.    18.    18.    15.    30.    90.   105.   .13   .00  10.0  6.00   .00  3.60   .00   3.2   3.7  1.00  1.00      .0   219.7
  165  1949.    34.  1778.  1778.   983.    76.  3837.  4821.  5.85  1.02  50.0  3.86  1.60  1.93  1.28 111.1 131.4  1.00  1.00   164.0   503.9
  195  1761.   529.  3869.  3869.  1864.  4788. 10948. 12812.  5.28  1.34  50.0  5.51  1.60  2.69  1.67 289.8 341.4  1.00  1.00   404.5   754.7
  225  1486.   676.  4051.  4170.  1761. 10398. 16730. 18543.  4.46  1.66  50.0  4.82  1.91  2.36  1.50 339.5 383.0  1.00  1.00   600.0   975.3
  255   129.  1355.  2430.  3432.  1013. 16315. 21231. 22670.   .39  1.95  50.0  5.48  4.61  2.11  1.34 360.8 392.5  1.00  1.00   758.9  1164.1
  262    64.  1388.  2109.  3272.   880. 16598. 21322. 22694.   .19  2.01  50.0  5.48  4.76  2.21  1.32 360.8 392.5  1.00  1.00   766.3  1198.4


DATA-FILE  WAGIICRP.OUT


Name of run: WAGII


Station=  WAGE , Soil=  1, Crop=  2, Organic m.=  1, Nsoil=  1, Tub.gr.=  1, Leafcl.=  1, Irr.=  1, Pot.p.=  1, CO2=355.

 Planting on day 105, 1971
 Crop emergence on day   0, 1971
 Wageningen, irr.+ pot. pr., 10 cm soil w., mid var.,RUE=3.0                     

 CROP PRODUCTION
 ===============
 DAY    WLV    WLD    WST   WSTOT   WRT    WTU    TB-R    TB    LAI   DVS   RD   NPLV  NPLD  NPSTOT NPTU NUP-R NUPTT  RED  REDN    PARINT    PAR
  105     0.     0.     0.     0.     0.     0.     0.     0.   .00   .00    .0   .00   .00   .00   .00    .0    .0  1.00  1.00      .0      .0
  135     0.     0.     0.     0.     0.     0.     0.     0.   .00   .00    .0   .00   .00   .00   .00    .0    .0  1.00  1.00      .0   263.9
  137    42.     0.    18.    18.    15.    30.    90.   105.   .13   .00  10.0  6.00   .00  3.60   .00   3.2   3.7  1.00  1.00      .0   276.7
  165  1864.    37.  1782.  1782.   972.   178.  3861.  4833.  5.59  1.05  50.0  4.27  1.60  2.08  1.45 119.9 141.5  1.00  1.00   141.7   518.5
  195  1676.   350.  3572.  3572.  1759.  5326. 10924. 12683.  5.03  1.33  50.0  5.63  1.60  2.93  1.68 294.3 346.4  1.00  1.00   389.1   787.2
  225  1460.   466.  3760.  3870.  1667. 11075. 16871. 18587.  4.38  1.66  50.0  4.81  2.14  2.36  1.52 340.1 381.2  1.00  1.00   588.8  1000.6
  255   115.  1139.  2236.  3167.   956. 16427. 20848. 22209.   .35  1.96  50.0  4.64  5.40  2.15  1.33 353.9 385.0  1.00  1.00   742.2  1209.8
  263    69.  1162.  1902.  3000.   814. 16743. 20975. 22264.   .21  2.01  50.0  4.64  5.48  2.27  1.31 353.9 385.0  1.00  1.00   753.6  1260.9


DATA-FILE  WAGIICRP.OUT


Name of run: WAGII


Station=  WAGE , Soil=  1, Crop=  2, Organic m.=  1, Nsoil=  1, Tub.gr.=  1, Leafcl.=  1, Irr.=  1, Pot.p.=  1, CO2=355.

 Planting on day 105, 1972
 Crop emergence on day   0, 1972
 Wageningen, irr.+ pot. pr., 10 cm soil w., mid var.,RUE=3.0                     

 CROP PRODUCTION
 ===============
 DAY    WLV    WLD    WST   WSTOT   WRT    WTU    TB-R    TB    LAI   DVS   RD   NPLV  NPLD  NPSTOT NPTU NUP-R NUPTT  RED  REDN    PARINT    PAR
  105     0.     0.     0.     0.     0.     0.     0.     0.   .00   .00    .0   .00   .00   .00   .00    .0    .0  1.00  1.00      .0      .0
  135     0.     0.     0.     0.     0.     0.     0.     0.   .00   .00    .0   .00   .00   .00   .00    .0    .0  1.00  1.00      .0   201.5
  144    42.     0.    18.    18.    15.    30.    90.   105.   .13   .00  10.0  6.00   .00  3.60   .00   3.2   3.7  1.00  1.00      .0   280.6
  165  1083.     0.   843.   843.   503.    30.  1956.  2460.  3.25   .90  41.1  4.65   .00  2.47   .00  71.2  84.2  1.00  1.00    72.1   443.6
  195  1753.   288.  3131.  3131.  1591.  3091.  8263.  9854.  5.26  1.25  50.0  5.73  1.60  2.88  1.69 247.5 294.1  1.00  1.00   283.5   673.7
  225  1500.   445.  3836.  3836.  1679.  8614. 14396. 16075.  4.50  1.59  50.0  4.99  1.96  2.43  1.55 310.3 351.3  1.00  1.00   508.6   913.4
  255   403.   997.  2558.  3313.  1045. 15407. 20120. 21482.  1.21  1.86  50.0  5.50  4.24  1.85  1.39 339.9 366.7  1.00  1.00   701.7  1122.3
  275   116.  1115.  1712.  2894.   697. 16765. 20890. 22078.   .35  1.98  50.0  5.98  5.01  1.98  1.32 341.4 366.7  1.00  1.00   746.6  1226.4


DATA-FILE  WAGIICRP.OUT


Name of run: WAGWW


Station=  WAGE , Soil=  1, Crop=  2, Organic m.=  1, Nsoil=  1, Tub.gr.=  1, Leafcl.=  1, Irr.=  0, Pot.p.=  1, CO2=355.

 Planting on day 105, 1970
 Crop emergence on day   0, 1970
 Wageningen, not-irr.+ pot. pr., 10 cm soil w., mid var.,RUE=3.0                 

 CROP PRODUCTION
 ===============
 DAY    WLV    WLD    WST   WSTOT   WRT    WTU    TB-R    TB    LAI   DVS   RD   NPLV  NPLD  NPSTOT NPTU NUP-R NUPTT  RED  REDN    PARINT    PAR
  105     0.     0.     0.     0.     0.     0.     0.     0.   .00   .00    .0   .00   .00   .00   .00    .0    .0  1.00  1.00      .0      .0
  135     0.     0.     0.     0.     0.     0.     0.     0.   .00   .00    .0   .00   .00   .00   .00    .0    .0  1.00  1.00      .0   209.9
  137    42.     0.    18.    18.    15.    30.    90.   105.   .13   .00  10.0  6.00   .00  3.60   .00   3.2   3.7  1.00  1.00      .0   219.7
  165   970.    79.   941.   944.   524.    68.  2061.  2587.  2.91  1.02  50.0  5.54  1.60  2.99  1.29  84.1 100.2   .72  1.00   136.1   503.9
  195   965.   251.  1576.  1800.   777.  3415.  6431.  7327.  2.90  1.34  50.0  5.60  2.12  2.69  1.68 165.2 189.6   .57  1.00   368.8   754.7
  225   926.   283.  1863.  2187.   699.  8647. 12042. 12899.  2.78  1.66  50.0  4.77  2.13  2.10  1.51 226.3 244.5   .84  1.00   555.4   975.3
  255    74.   710.  1133.  1868.   402. 12281. 14933. 15641.   .22  1.95  50.0  4.71  5.18  1.88  1.35 241.8 255.3   .82  1.00   685.7  1164.1
  262    59.   717.   983.  1793.   349. 12409. 14979. 15661.   .18  2.01  50.0  4.71  5.22  1.96  1.34 241.8 255.3   .85  1.00   691.6  1198.4


DATA-FILE  WAGIICRP.OUT


Name of run: WAGWW


Station=  WAGE , Soil=  1, Crop=  2, Organic m.=  1, Nsoil=  1, Tub.gr.=  1, Leafcl.=  1, Irr.=  0, Pot.p.=  1, CO2=355.

 Planting on day 105, 1971
 Crop emergence on day   0, 1971
 Wageningen, not-irr.+ pot. pr., 10 cm soil w., mid var.,RUE=3.0                 

 CROP PRODUCTION
 ===============
 DAY    WLV    WLD    WST   WSTOT   WRT    WTU    TB-R    TB    LAI   DVS   RD   NPLV  NPLD  NPSTOT NPTU NUP-R NUPTT  RED  REDN    PARINT    PAR
  105     0.     0.     0.     0.     0.     0.     0.     0.   .00   .00    .0   .00   .00   .00   .00    .0    .0  1.00  1.00      .0      .0
  135     0.     0.     0.     0.     0.     0.     0.     0.   .00   .00    .0   .00   .00   .00   .00    .0    .0  1.00  1.00      .0   263.9
  137    42.     0.    18.    18.    15.    30.    90.   105.   .13   .00  10.0  6.00   .00  3.60   .00   3.2   3.7  1.00  1.00      .0   276.7
  165  1649.    48.  1567.  1571.   859.   163.  3432.  4294.  4.95  1.05  50.0  4.75  1.60  2.38  1.49 118.9 140.7   .99  1.00   140.6   518.5
  195  1636.   285.  3265.  3307.  1589.  5021. 10248. 11859.  4.91  1.33  50.0  5.63  1.60  2.93  1.69 278.1 325.6   .80  1.00   387.9   787.2
  225  1105.   553.  2363.  2944.  1088.  9380. 13982. 15344.  3.32  1.66  50.0  4.75  4.69  2.66  1.53 300.1 337.8   .47  1.00   586.5  1000.6
  255   104.  1054.  1365.  2468.   614. 12693. 16319. 17444.   .31  1.96  50.0  4.39  6.23  2.70  1.33 306.1 338.6   .57  1.00   737.0  1209.8
  263    54.  1079.  1161.  2366.   523. 12905. 16403. 17483.   .16  2.01  50.0  4.39  6.29  2.81  1.31 306.1 338.6   .57  1.00   746.7  1260.9


DATA-FILE  WAGIICRP.OUT


Name of run: WAGWW


Station=  WAGE , Soil=  1, Crop=  2, Organic m.=  1, Nsoil=  1, Tub.gr.=  1, Leafcl.=  1, Irr.=  0, Pot.p.=  1, CO2=355.

 Planting on day 105, 1972
 Crop emergence on day   0, 1972
 Wageningen, not-irr.+ pot. pr., 10 cm soil w., mid var.,RUE=3.0                 

 CROP PRODUCTION
 ===============
 DAY    WLV    WLD    WST   WSTOT   WRT    WTU    TB-R    TB    LAI   DVS   RD   NPLV  NPLD  NPSTOT NPTU NUP-R NUPTT  RED  REDN    PARINT    PAR
  105     0.     0.     0.     0.     0.     0.     0.     0.   .00   .00    .0   .00   .00   .00   .00    .0    .0  1.00  1.00      .0      .0
  135     0.     0.     0.     0.     0.     0.     0.     0.   .00   .00    .0   .00   .00   .00   .00    .0    .0  1.00  1.00      .0   201.5
  144    42.     0.    18.    18.    15.    30.    90.   105.   .13   .00  10.0  6.00   .00  3.60   .00   3.2   3.7  1.00  1.00      .0   280.6
  165  1083.     0.   843.   843.   503.    30.  1956.  2460.  3.25   .90  41.1  4.65  1.60  2.47   .00  71.2  84.2  1.00  1.00    72.1   443.6
  195  1753.   288.  3131.  3131.  1591.  3091.  8263.  9854.  5.26  1.25  50.0  5.73  1.60  2.88  1.69 247.5 294.1  1.00  1.00   283.5   673.7
  225  1498.   444.  3759.  3785.  1653.  8604. 14331. 15996.  4.49  1.59  50.0  4.99  2.09  2.43  1.55 309.5 350.2  1.00  1.00   508.6   913.4
  255   397.   997.  2505.  3271.  1029. 15294. 19959. 21312.  1.19  1.86  50.0  4.67  4.67  1.89  1.39 339.2 366.1  1.00  1.00   701.6  1122.3
  275   110.  1116.  1677.  2860.   687. 16606. 20691. 21873.   .33  1.98  50.0  6.07  5.10  2.05  1.32 341.5 367.0   .90  1.00   745.5  1226.4
