

DATA-FILE  WAGIXWAT.OUT


Name of run: WAGIX


Station= WAGE , Soil=  1, Crop=  2, Organic m.=  1, Nsoil=  1, Irr.=  1, Runof=0.00, CO2=355.

 Simulation starts on day 105, 1971
 Wageningen, irr.+ pot. pr., 10 cm soil w., mid var.,RUE=3.0                     

 SOIL WATER STATUS
 =================
   DAY   WCACT1  WCACT2  WCACT3  WCACT4  WCACT5  WCACT6   WCACT7  WCACT8  WCACT9  WCACT10  TTRANS TDRAIN  TRAIN   TESOIL   TIRR  TRUNOF     WTOT    WAVT    WAVR
   105    0.30    0.30    0.30    0.30    0.30    0.30    0.30    0.30    0.30    0.30    0.00    0.00    0.00    0.00    0.00    0.00     30.00   20.00    0.00
   135    0.26    0.13    0.26    0.30    0.30    0.30    0.30    0.30    0.30    0.30    0.00    0.05    3.32    5.19    0.00    0.00     28.09   18.09    0.00
   138    0.25    0.28    0.30    0.30    0.30    0.30    0.30    0.30    0.30    0.30    0.00    1.03    6.89    6.11    0.00    0.00     29.75   19.75    0.00
   165    0.30    0.30    0.30    0.22    0.22    0.26    0.30    0.30    0.30    0.30    5.33    1.03    9.88    9.58    4.00    0.00     27.94   17.94    7.94
   195    0.28    0.28    0.28    0.28    0.28    0.15    0.30    0.30    0.30    0.30   15.95    4.12   18.69    9.75    9.00    0.00     27.86   17.86    7.86
   225    0.29    0.30    0.28    0.26    0.25    0.19    0.30    0.30    0.30    0.30   25.53    4.12   24.40   10.03   13.00    0.00     27.72   17.72    7.72
   255    0.09    0.18    0.25    0.26    0.24    0.19    0.30    0.30    0.30    0.30   31.72    4.12   28.42   11.55   15.00    0.00     26.03   16.03    6.03
   263    0.09    0.14    0.24    0.26    0.23    0.19    0.30    0.30    0.30    0.30   32.05    4.12   28.55   11.97   15.00    0.00     25.41   15.41    5.41


DATA-FILE  WAGIXWAT.OUT


Name of run: WAGWW


Station= WAGE , Soil=  1, Crop=  2, Organic m.=  1, Nsoil=  1, Irr.=  0, Runof=0.00, CO2=355.

 Simulation starts on day 105, 1971
 Wageningen, not-irr.+ pot. pr., 10 cm soil w., mid var.,RUE=3.0                 

 SOIL WATER STATUS
 =================
   DAY   WCACT1  WCACT2  WCACT3  WCACT4  WCACT5  WCACT6   WCACT7  WCACT8  WCACT9  WCACT10  TTRANS TDRAIN  TRAIN   TESOIL   TIRR  TRUNOF     WTOT    WAVT    WAVR
   105    0.30    0.30    0.30    0.30    0.30    0.30    0.30    0.30    0.30    0.30    0.00    0.00    0.00    0.00    0.00    0.00     30.00   20.00    0.00
   135    0.26    0.13    0.26    0.30    0.30    0.30    0.30    0.30    0.30    0.30    0.00    0.05    3.32    5.19    0.00    0.00     28.09   18.09    0.00
   138    0.25    0.28    0.30    0.30    0.30    0.30    0.30    0.30    0.30    0.30    0.00    1.03    6.89    6.11    0.00    0.00     29.75   19.75    0.00
   165    0.29    0.17    0.14    0.18    0.22    0.26    0.30    0.30    0.30    0.30    4.70    1.03    9.88    9.05    0.00    0.00     25.09   15.09    5.09
   195    0.15    0.17    0.17    0.18    0.17    0.14    0.30    0.30    0.30    0.30   14.82    1.30   18.69    9.26    0.00    0.00     23.30   13.30    3.30
   225    0.29    0.30    0.25    0.11    0.11    0.10    0.30    0.30    0.30    0.30   19.81    1.30   24.40    9.65    0.00    0.00     23.63   13.63    3.63
   255    0.09    0.18    0.25    0.16    0.10    0.10    0.30    0.30    0.30    0.30   22.97    1.30   28.42   11.40    0.00    0.00     22.74   12.74    2.74
   263    0.09    0.14    0.24    0.16    0.10    0.10    0.30    0.30    0.30    0.30   23.14    1.30   28.55   11.82    0.00    0.00     22.28   12.28    2.28


DATA-FILE  WAGIXWAT.OUT


Name of run: WAGWW


Station= WAGE , Soil=  1, Crop=  2, Organic m.=  1, Nsoil=  1, Irr.=  0, Runof=0.00, CO2=355.

 Simulation starts on day 105, 1972
 Wageningen, not-irr.+ pot. pr., 10 cm soil w., mid var.,RUE=3.0                 

 SOIL WATER STATUS
 =================
   DAY   WCACT1  WCACT2  WCACT3  WCACT4  WCACT5  WCACT6   WCACT7  WCACT8  WCACT9  WCACT10  TTRANS TDRAIN  TRAIN   TESOIL   TIRR  TRUNOF     WTOT    WAVT    WAVR
   105    0.30    0.30    0.30    0.30    0.30    0.30    0.30    0.30    0.30    0.30    0.00    0.00    0.00    0.00    0.00    0.00     30.00   20.00    0.00
   135    0.27    0.29    0.30    0.30    0.30    0.30    0.30    0.30    0.30    0.30    0.00    3.24    8.47    5.35    0.00    0.00     29.87   19.87    0.00
   145    0.10    0.18    0.29    0.30    0.30    0.30    0.30    0.30    0.30    0.30    0.00    4.28   10.57    7.79    0.00    0.00     28.51   18.51    0.00
   165    0.29    0.29    0.29    0.27    0.28    0.30    0.30    0.30    0.30    0.30    1.96    4.28   17.23   11.63    0.00    0.00     29.36   19.36    7.03
   195    0.27    0.28    0.28    0.28    0.25    0.24    0.30    0.30    0.30    0.30   10.64    4.79   25.45   11.87    0.00    0.00     28.15   18.15    8.15
   225    0.29    0.28    0.28    0.28    0.28    0.23    0.30    0.30    0.30    0.30   19.77    4.79   35.07   12.12    0.00    0.00     28.40   18.40    8.40
   255    0.29    0.30    0.27    0.20    0.20    0.12    0.30    0.30    0.30    0.30   26.14    4.79   39.42   12.53    0.00    0.00     25.96   15.96    5.96
   275    0.16    0.23    0.28    0.29    0.25    0.10    0.30    0.30    0.30    0.30   27.08    4.79   42.13   13.92    0.00    0.00     26.35   16.35    6.35


DATA-FILE  WAGIXWAT.OUT


Name of run: WAGWW


Station= WAGE , Soil=  1, Crop=  2, Organic m.=  1, Nsoil=  1, Irr.=  0, Runof=0.00, CO2=355.

 Simulation starts on day 105, 1973
 Wageningen, not-irr.+ pot. pr., 10 cm soil w., mid var.,RUE=3.0                 

 SOIL WATER STATUS
 =================
   DAY   WCACT1  WCACT2  WCACT3  WCACT4  WCACT5  WCACT6   WCACT7  WCACT8  WCACT9  WCACT10  TTRANS TDRAIN  TRAIN   TESOIL   TIRR  TRUNOF     WTOT    WAVT    WAVR
   105    0.30    0.30    0.30    0.30    0.30    0.30    0.30    0.30    0.30    0.30    0.00    0.00    0.00    0.00    0.00    0.00     30.00   20.00    0.00
   135    0.26    0.21    0.28    0.30    0.30    0.30    0.30    0.30    0.30    0.30    0.00    0.68    5.57    5.90    0.00    0.00     28.99   18.99    0.00
   145    0.16    0.10    0.25    0.30    0.30    0.30    0.30    0.30    0.30    0.30    0.00    0.68    6.67    8.43    0.00    0.00     27.56   17.56    0.00
   165    0.07    0.14    0.17    0.25    0.28    0.30    0.30    0.30    0.30    0.30    1.53    0.68    9.68   11.08    0.00    0.00     26.40   16.40    4.56
   195    0.28    0.17    0.10    0.11    0.12    0.12    0.30    0.30    0.30    0.30    8.22    0.68   11.82   11.47    0.00    0.00     21.45   11.45    1.45
   225    0.19    0.24    0.26    0.14    0.10    0.10    0.30    0.30    0.30    0.30   11.73    0.68   18.62   12.86    0.00    0.00     23.36   13.36    3.36
   255    0.09    0.19    0.18    0.10    0.10    0.10    0.30    0.30    0.30    0.30   14.07    0.68   21.31   15.02    0.00    0.00     21.54   11.54    1.54
   256    0.09    0.19    0.18    0.10    0.10    0.10    0.30    0.30    0.30    0.30   14.08    0.68   21.31   15.03    0.00    0.00     21.53   11.53    1.53


DATA-FILE  WAGIXWAT.OUT


Name of run: Bolow


Station= BOLO , Soil=  1, Crop=  2, Organic m.=  1, Nsoil=  1, Irr.=  0, Runof=0.00, CO2=355.

 Simulation starts on day 105, 1971
 Bologna, not-irr.+ pot. pr., 10 cm soil w., mid var.,RUE=3.0                    

 SOIL WATER STATUS
 =================
   DAY   WCACT1  WCACT2  WCACT3  WCACT4  WCACT5  WCACT6   WCACT7  WCACT8  WCACT9  WCACT10  TTRANS TDRAIN  TRAIN   TESOIL   TIRR  TRUNOF     WTOT    WAVT    WAVR
   105    0.30    0.30    0.30    0.30    0.30    0.30    0.30    0.30    0.30    0.30    0.00    0.00    0.00    0.00    0.00    0.00     30.00   20.00    0.00
   128    0.08    0.22    0.26    0.30    0.30    0.30    0.30    0.30    0.30    0.30    0.00    0.00    3.20    4.71    0.00    0.00     28.49   18.49    0.00
   135    0.07    0.15    0.23    0.29    0.30    0.30    0.30    0.30    0.30    0.30    0.73    0.00    3.20    4.84    0.00    0.00     27.64   17.64    2.08
   165    0.22    0.11    0.11    0.12    0.13    0.15    0.30    0.30    0.30    0.30    7.88    0.00    4.40    5.17    0.00    0.00     21.35   11.35    1.35
   195    0.08    0.09    0.10    0.10    0.10    0.10    0.30    0.30    0.30    0.30    9.37    0.00    5.10    5.84    0.00    0.00     19.88    9.88   -0.12
   215    0.07    0.12    0.09    0.10    0.10    0.10    0.30    0.30    0.30    0.30   10.05    0.00    7.10    7.01    0.00    0.00     20.04   10.04    0.04


DATA-FILE  WAGIXWAT.OUT


Name of run: Bolow


Station= BOLO , Soil=  1, Crop=  2, Organic m.=  1, Nsoil=  1, Irr.=  0, Runof=0.00, CO2=355.

 Simulation starts on day 105, 1972
 Bologna, not-irr.+ pot. pr., 10 cm soil w., mid var.,RUE=3.0                    

 SOIL WATER STATUS
 =================
   DAY   WCACT1  WCACT2  WCACT3  WCACT4  WCACT5  WCACT6   WCACT7  WCACT8  WCACT9  WCACT10  TTRANS TDRAIN  TRAIN   TESOIL   TIRR  TRUNOF     WTOT    WAVT    WAVR
   105    0.30    0.30    0.30    0.30    0.30    0.30    0.30    0.30    0.30    0.30    0.00    0.00    0.00    0.00    0.00    0.00     30.00   20.00    0.00
   133    0.07    0.15    0.27    0.30    0.30    0.30    0.30    0.30    0.30    0.30    0.00    7.85   10.80    4.91    0.00    0.00     28.04   18.04    0.00
   135    0.07    0.14    0.27    0.30    0.30    0.30    0.30    0.30    0.30    0.30    0.08    7.85   10.80    4.94    0.00    0.00     27.93   17.93    0.58
   165    0.16    0.11    0.13    0.13    0.15    0.18    0.30    0.30    0.30    0.30    7.25    8.78   15.80    7.71    0.00    0.00     22.06   12.06    2.06
   195    0.29    0.22    0.10    0.10    0.10    0.10    0.30    0.30    0.30    0.30    9.46    8.78   18.10    8.49    0.00    0.00     21.37   11.37    1.37
   220    0.07    0.19    0.27    0.27    0.10    0.10    0.30    0.30    0.30    0.30   11.37    8.78   25.70   11.41    0.00    0.00     24.13   14.13    4.13


DATA-FILE  WAGIXWAT.OUT


Name of run: Bolow


Station= BOLO , Soil=  1, Crop=  2, Organic m.=  1, Nsoil=  1, Irr.=  0, Runof=0.00, CO2=355.

 Simulation starts on day 105, 1973
 Bologna, not-irr.+ pot. pr., 10 cm soil w., mid var.,RUE=3.0                    

 SOIL WATER STATUS
 =================
   DAY   WCACT1  WCACT2  WCACT3  WCACT4  WCACT5  WCACT6   WCACT7  WCACT8  WCACT9  WCACT10  TTRANS TDRAIN  TRAIN   TESOIL   TIRR  TRUNOF     WTOT    WAVT    WAVR
   105    0.30    0.30    0.30    0.30    0.30    0.30    0.30    0.30    0.30    0.30    0.00    0.00    0.00    0.00    0.00    0.00     30.00   20.00    0.00
   131    0.08    0.11    0.27    0.30    0.30    0.30    0.30    0.30    0.30    0.30    0.00    0.95    2.80    4.10    0.00    0.00     27.74   17.74    0.00
   135    0.07    0.10    0.26    0.30    0.30    0.30    0.30    0.30    0.30    0.30    0.16    0.95    2.80    4.16    0.00    0.00     27.52   17.52    0.81
   165    0.24    0.25    0.25    0.25    0.19    0.18    0.30    0.30    0.30    0.30    7.58    0.95   10.30    5.50    0.00    0.00     26.27   16.27    6.27
   195    0.20    0.17    0.11    0.11    0.10    0.10    0.30    0.30    0.30    0.30   15.30    0.95   13.20    5.93    0.00    0.00     21.01   11.01    1.01
   223    0.08    0.13    0.13    0.10    0.10    0.10    0.30    0.30    0.30    0.30   18.07    0.95   17.30    7.73    0.00    0.00     20.55   10.55    0.55
